// Vitest Snapshot v1, https://vitest.dev/guide/snapshot.html

exports[`Error alert > snapshot 1`] = `
<div
  className="absolute left-0 top-16 z-20 w-full rounded-b border-t-4 border-red-500 bg-red-100 px-4 py-3 text-red-900 shadow-md"
  role="alert"
>
  <div
    className="absolute right-0 top-0 flex h-full cursor-pointer items-center p-4"
    data-testid="error-alert__cross"
  >
    <svg
      fill="none"
      stroke="currentColor"
      style="width: 36px; height: 36px;"
      viewBox="0 0 24 24"
      xmlns="http://www.w3.org/2000/svg"
    >
      <path
        d="M6 18 18 6M6 6l12 12"
        strokeLinecap="round"
        strokeLinejoin="round"
        strokeWidth="2"
      />
    </svg>
  </div>
  <div
    className="flex"
  >
    <div
      className="py-1 pr-2 text-red-500"
    >
      <svg
        className="h-5 w-5"
        fill="currentColor"
        style="width: 24px; height: 24px;"
        viewBox="0 0 20 20"
        xmlns="http://www.w3.org/2000/svg"
      >
        <path
          clipRule="evenodd"
          d="M18 10a8 8 0 1 1-16 0 8 8 0 0 1 16 0zm-7-4a1 1 0 1 1-2 0 1 1 0 0 1 2 0zM9 9a1 1 0 0 0 0 2v3a1 1 0 0 0 1 1h1a1 1 0 1 0 0-2v-3a1 1 0 0 0-1-1H9z"
          fillRule="evenodd"
        />
      </svg>
    </div>
    <div>
      <p
        className="font-bold"
      >
        Requests times exceded!
      </p>
      <p
        className="text-sm"
      >
        Too many requests for you plan. Check this

        <a
          className="text-blue-600 hover:text-blue-800 no-underline rounded font-semibold text-red-500 hover:text-red-800"
          href="/pricing"
        >
          /pricing
        </a>

        and upgrade it or wait after the end of the day.
      </p>
    </div>
  </div>
</div>
`;
